
Discarded input sections

 .data          0x0000000000000000        0x0 arch/arm/cpu/armv8/start.o
 .bss           0x0000000000000000        0x0 arch/arm/cpu/armv8/start.o
 .text.set_pgtable_section
                0x0000000000000000       0x14 arch/arm/cpu/armv8/built-in.o
 .text.dcache_status
                0x0000000000000000       0x34 arch/arm/cpu/armv8/built-in.o
 .text.icache_status
                0x0000000000000000       0x34 arch/arm/cpu/armv8/built-in.o
 .text.enable_caches
                0x0000000000000000       0x14 arch/arm/cpu/armv8/built-in.o
 .data          0x0000000000000000        0x0 arch/arm/cpu/armv8/built-in.o
 .bss           0x0000000000000000        0x0 arch/arm/cpu/armv8/built-in.o
 .text          0x0000000000000000        0x0 arch/arm/cpu/armv8/rk33xx/built-in.o
 .text.rk_get_cpu_version
                0x0000000000000000        0x8 arch/arm/cpu/armv8/rk33xx/built-in.o
 .text.get_usec_timer
                0x0000000000000000       0xb8 arch/arm/cpu/armv8/rk33xx/built-in.o
 .text.get_tbclk
                0x0000000000000000        0x8 arch/arm/cpu/armv8/rk33xx/built-in.o
 .text.rkclk_set_pll_rate_by_id
                0x0000000000000000       0x28 arch/arm/cpu/armv8/rk33xx/built-in.o
 .text.rkclk_get_pll_rate_by_id
                0x0000000000000000        0x4 arch/arm/cpu/armv8/rk33xx/built-in.o
 .text.rkclk_get_sdhci_emmc_clk
                0x0000000000000000       0x84 arch/arm/cpu/armv8/rk33xx/built-in.o
 .text.rkclk_set_mmc_clk_freq
                0x0000000000000000      0x1b4 arch/arm/cpu/armv8/rk33xx/built-in.o
 .text.rkclk_set_mmc_tuning
                0x0000000000000000        0x8 arch/arm/cpu/armv8/rk33xx/built-in.o
 .text.rkclk_get_spi_clk
                0x0000000000000000       0x8c arch/arm/cpu/armv8/rk33xx/built-in.o
 .text.rkcru_pcie_soft_reset
                0x0000000000000000       0x8c arch/arm/cpu/armv8/rk33xx/built-in.o
 .text.gic_handler_disable
                0x0000000000000000       0x4c arch/arm/cpu/armv8/rk33xx/built-in.o
 .text.gic_set_irq_type
                0x0000000000000000       0xac arch/arm/cpu/armv8/rk33xx/built-in.o
 .text.gpio_irq_set_type
                0x0000000000000000      0x124 arch/arm/cpu/armv8/rk33xx/built-in.o
 .text.gpio_irq_disable
                0x0000000000000000       0x5c arch/arm/cpu/armv8/rk33xx/built-in.o
 .text.irq_handler_disable
                0x0000000000000000       0x38 arch/arm/cpu/armv8/rk33xx/built-in.o
 .text.irq_set_irq_type
                0x0000000000000000       0x38 arch/arm/cpu/armv8/rk33xx/built-in.o
 .text.irq_uninstall_handler
                0x0000000000000000       0x18 arch/arm/cpu/armv8/rk33xx/built-in.o
 .text.rk_pm_wakeup_gpio_init
                0x0000000000000000       0x78 arch/arm/cpu/armv8/rk33xx/built-in.o
 .text.rk_pm_wakeup_gpio_deinit
                0x0000000000000000       0x64 arch/arm/cpu/armv8/rk33xx/built-in.o
 .text.rk_pm_enter
                0x0000000000000000       0x50 arch/arm/cpu/armv8/rk33xx/built-in.o
 .rodata.__func__.5451
                0x0000000000000000       0x18 arch/arm/cpu/armv8/rk33xx/built-in.o
 .rodata.gic_set_irq_type
                0x0000000000000000        0x8 arch/arm/cpu/armv8/rk33xx/built-in.o
 .rodata.gpio_irq_set_type
                0x0000000000000000        0x8 arch/arm/cpu/armv8/rk33xx/built-in.o
 .data          0x0000000000000000        0x0 arch/arm/cpu/armv8/rk33xx/built-in.o
 .bss           0x0000000000000000        0x0 arch/arm/cpu/armv8/rk33xx/built-in.o
 .text.flush_cache
                0x0000000000000000        0x4 arch/arm/lib/built-in.o
 .text.flush_dcache_all
                0x0000000000000000        0xc arch/arm/lib/built-in.o
 .text.enable_caches
                0x0000000000000000        0xc arch/arm/lib/built-in.o
 .data          0x0000000000000000        0x0 arch/arm/lib/built-in.o
 .__secure_start
                0x0000000000000000        0x0 arch/arm/lib/built-in.o
 .__end         0x0000000000000000        0x0 arch/arm/lib/built-in.o
 .__secure_end  0x0000000000000000        0x0 arch/arm/lib/built-in.o
 .bss           0x0000000000000000        0x0 arch/arm/lib/built-in.o
 .text          0x0000000000000000        0x0 board/rockchip/common/built-in.o
 .text.blk_SHA1_Block
                0x0000000000000000     0x13e8 board/rockchip/common/built-in.o
 .text.SHA_init
                0x0000000000000000       0x44 board/rockchip/common/built-in.o
 .text.SHA_update
                0x0000000000000000       0xdc board/rockchip/common/built-in.o
 .text.SHA_final
                0x0000000000000000       0xdc board/rockchip/common/built-in.o
 .text.P_RC4_ext
                0x0000000000000000      0x10c board/rockchip/common/built-in.o
 .text.DRVDelayMs
                0x0000000000000000        0xc board/rockchip/common/built-in.o
 .text.EmmcPowerEn
                0x0000000000000000       0x44 board/rockchip/common/built-in.o
 .text.SCUSetSDClkFreq
                0x0000000000000000        0x8 board/rockchip/common/built-in.o
[...]
Memory Configuration

Name             Origin             Length             Attributes
*default*        0x0000000000000000 0xffffffffffffffff

Linker script and memory map

Address of section .text set to 0x200000
                0x0000000000000000                . = 0x0
                0x0000000000000000                . = ALIGN (0x8)

.text           0x0000000000200000    0x50088
 *(.__image_copy_start)
 .__image_copy_start
                0x0000000000200000        0x0 arch/arm/lib/built-in.o
                0x0000000000200000                __image_copy_start
 arch/arm/cpu/armv8/start.o(.text*)
 .text          0x0000000000200000      0x3a8 arch/arm/cpu/armv8/start.o
                0x0000000000200000                _start
                0x0000000000200008                RSA_KEY_TAG
                0x000000000020000c                RSA_KEY_LENGTH
                0x0000000000200010                RSA_KEY_DATA
                0x0000000000200208                LoaderTagCheck
                0x0000000000200220                _TEXT_BASE
                0x0000000000200228                _end_ofs
                0x0000000000200230                _bss_start_ofs
                0x0000000000200238                _bss_end_ofs
                0x00000000002002c8                apply_core_errata
                0x00000000002002ec                lowlevel_init
                0x0000000000200334                smp_kick_all_cpus
                0x0000000000200348                c_runtime_cpu_setup
 *(.text*)
 *fill*         0x00000000002003a8      0x458 
 .text          0x0000000000200800     0x1600 arch/arm/cpu/armv8/built-in.o
                0x0000000000200800                vectors
                0x0000000000201800                __asm_flush_dcache_level
                0x0000000000201864                __asm_dcache_all
                0x00000000002018c4                __asm_flush_dcache_all
                0x00000000002018d8                __asm_invalidate_dcache_all
                0x00000000002018ec                __asm_flush_dcache_range
                0x0000000000201920                __asm_invalidate_icache_all
                0x000000000020192c                __asm_invalidate_tlb_all
                0x0000000000201978                armv8_switch_to_el2
                0x00000000002019d8                armv8_switch_to_el1
                0x0000000000201b00                cpu_suspend
                0x0000000000201ba0                cpu_do_suspend
                0x0000000000201c0c                cpu_resume
                0x0000000000201c2c                cpu_do_resume
 .text.cleanup_before_linux
                0x0000000000201e00       0x24 arch/arm/cpu/armv8/built-in.o
                0x0000000000201e00                cleanup_before_linux
 .text.invalidate_dcache_all
                0x0000000000201e24        0x4 arch/arm/cpu/armv8/built-in.o
                0x0000000000201e24                invalidate_dcache_all
 .text.flush_l3_cache
                0x0000000000201e28        0x4 arch/arm/cpu/armv8/built-in.o
                0x0000000000201e28                flush_l3_cache
 .text.flush_dcache_all
                0x0000000000201e2c       0x14 arch/arm/cpu/armv8/built-in.o
                0x0000000000201e2c                flush_dcache_all
 .text.invalidate_dcache_range
                0x0000000000201e40        0x4 arch/arm/cpu/armv8/built-in.o
                0x0000000000201e40                invalidate_dcache_range
 .text.flush_dcache_range
                0x0000000000201e44        0x4 arch/arm/cpu/armv8/built-in.o
                0x0000000000201e44                flush_dcache_range
 .text.dcache_enable
                0x0000000000201e48      0x20c arch/arm/cpu/armv8/built-in.o
                0x0000000000201e48                dcache_enable
 .text.dcache_disable
                0x0000000000202054       0x88 arch/arm/cpu/armv8/built-in.o
                0x0000000000202054                dcache_disable
 .text.icache_enable
                0x00000000002020dc       0x74 arch/arm/cpu/armv8/built-in.o
                0x00000000002020dc                icache_enable
 .text.icache_disable
                0x0000000000202150       0x64 arch/arm/cpu/armv8/built-in.o
                0x0000000000202150                icache_disable
 .text.invalidate_icache_all
                0x00000000002021b4        0x4 arch/arm/cpu/armv8/built-in.o
                0x00000000002021b4                invalidate_icache_all
 .text.flush_cache
                0x00000000002021b8        0x8 arch/arm/cpu/armv8/built-in.o
                0x00000000002021b8                flush_cache
 .text.cpu_suspend_save
                0x00000000002021c0       0x2c arch/arm/cpu/armv8/built-in.o
                0x00000000002021c0                cpu_suspend_save
 .text.enable_caches
                0x00000000002021ec       0x14 arch/arm/cpu/armv8/rk33xx/built-in.o
                0x00000000002021ec                enable_caches
 .text.rk_get_bootrom_chip_version
                0x0000000000202200       0x2c arch/arm/cpu/armv8/rk33xx/built-in.o
                0x0000000000202200                rk_get_bootrom_chip_version
 .text.rk_get_chiptype
                0x000000000020222c       0x24 arch/arm/cpu/armv8/rk33xx/built-in.o
                0x000000000020222c                rk_get_chiptype
 .text.arch_cpu_init
                0x0000000000202250       0x50 arch/arm/cpu/armv8/rk33xx/built-in.o
                0x0000000000202250                arch_cpu_init
 .text.print_cpuinfo
                0x00000000002022a0       0x58 arch/arm/cpu/armv8/rk33xx/built-in.o
                0x00000000002022a0                print_cpuinfo
 .text.reset_timer_masked
                0x00000000002022f8       0x1c arch/arm/cpu/armv8/rk33xx/built-in.o
                0x00000000002022f8                reset_timer_masked
 .text.timer_init
                0x0000000000202314       0x34 arch/arm/cpu/armv8/rk33xx/built-in.o
                0x0000000000202314                timer_init
 .text.__udelay
                0x0000000000202348       0xa0 arch/arm/cpu/armv8/rk33xx/built-in.o
                0x0000000000202348                __udelay
 .text.get_timer_masked
                0x00000000002023e8       0xa4 arch/arm/cpu/armv8/rk33xx/built-in.o
                0x00000000002023e8                get_timer_masked
 .text.get_timer
                0x000000000020248c       0x24 arch/arm/cpu/armv8/rk33xx/built-in.o
                0x000000000020248c                get_timer
 .text.get_ticks
                0x00000000002024b0        0x4 arch/arm/cpu/armv8/rk33xx/built-in.o
                0x00000000002024b0                get_ticks
 .text.rkclk_pll_get_rate
                0x00000000002024b4      0x188 arch/arm/cpu/armv8/rk33xx/built-in.o
 .text.rkclk_aplll_cb
                0x000000000020263c       0x74 arch/arm/cpu/armv8/rk33xx/built-in.o
 .text.rkclk_ppll_cb
                0x00000000002026b0       0x18 arch/arm/cpu/armv8/rk33xx/built-in.o
 .text.rkclk_gpll_cb
                0x00000000002026c8       0x40 arch/arm/cpu/armv8/rk33xx/built-in.o
 .text.rkclk_pll_wait_lock.part.0
                0x0000000000202708       0x44 arch/arm/cpu/armv8/rk33xx/built-in.o
 .text.rkclk_pll_wait_lock
                0x000000000020274c       0x60 arch/arm/cpu/armv8/rk33xx/built-in.o
 .text.rkclk_pll_set_rate
                0x00000000002027ac      0x180 arch/arm/cpu/armv8/rk33xx/built-in.o
 .text.rkclk_pll_mode
                0x000000000020292c      0x180 arch/arm/cpu/armv8/rk33xx/built-in.o
                0x000000000020292c                rkclk_pll_mode
 .text.rkclk_set_pll
                0x0000000000202aac      0x228 arch/arm/cpu/armv8/rk33xx/built-in.o
                0x0000000000202aac                rkclk_set_pll
 .text.rkclk_get_pll
                0x0000000000202cd4      0x168 arch/arm/cpu/armv8/rk33xx/built-in.o
                0x0000000000202cd4                rkclk_get_pll
 .text.rkclk_pll_set_any_freq
                0x0000000000202e3c      0x328 arch/arm/cpu/armv8/rk33xx/built-in.o
                0x0000000000202e3c                rkclk_pll_set_any_freq
 .text.rkclk_dump_pll
                0x0000000000203164       0xfc arch/arm/cpu/armv8/rk33xx/built-in.o
                0x0000000000203164                rkclk_dump_pll
 .text.rkclk_lcdc_dclk_pll_sel
                0x0000000000203260       0x4c arch/arm/cpu/armv8/rk33xx/built-in.o
                0x0000000000203260                rkclk_lcdc_dclk_pll_sel
 .text.rkclk_lcdc_clk_set
                0x00000000002032ac      0x194 arch/arm/cpu/armv8/rk33xx/built-in.o
                0x00000000002032ac                rkclk_lcdc_clk_set
 .text.rkclk_set_sdhci_emmc_clk
                0x0000000000203440       0x88 arch/arm/cpu/armv8/rk33xx/built-in.o
                0x0000000000203440                rkclk_set_sdhci_emmc_clk
 .text.rkclk_set_mmc_clk_src
                0x00000000002034c8       0x4c arch/arm/cpu/armv8/rk33xx/built-in.o
                0x00000000002034c8                rkclk_set_mmc_clk_src
 .text.rkclk_get_mmc_clk
                0x0000000000203514       0x64 arch/arm/cpu/armv8/rk33xx/built-in.o
                0x0000000000203514                rkclk_get_mmc_clk
 .text.rkclk_get_mmc_freq_from_gpll
                0x0000000000203578       0x30 arch/arm/cpu/armv8/rk33xx/built-in.o
                0x0000000000203578                rkclk_get_mmc_freq_from_gpll
 .text.rkclk_set_mmc_clk_div
                0x00000000002035a8       0x48 arch/arm/cpu/armv8/rk33xx/built-in.o
                0x00000000002035a8                rkclk_set_mmc_clk_div
 .text.rkclk_disable_mmc_tuning
                0x00000000002035f0        0x8 arch/arm/cpu/armv8/rk33xx/built-in.o
                0x00000000002035f0                rkclk_disable_mmc_tuning
 .text.rkclk_get_pwm_clk
                0x00000000002035f8       0xa8 arch/arm/cpu/armv8/rk33xx/built-in.o
                0x00000000002035f8                rkclk_get_pwm_clk
 .text.rkclk_get_i2c_clk
                0x00000000002036a0      0x118 arch/arm/cpu/armv8/rk33xx/built-in.o
                0x00000000002036a0                rkclk_get_i2c_clk
 .text.rkclk_set_crypto_clk
                0x00000000002037b8       0x44 arch/arm/cpu/armv8/rk33xx/built-in.o
                0x00000000002037b8                rkclk_set_crypto_clk
 .text.rkcru_cpu_soft_reset
                0x00000000002037fc       0x28 arch/arm/cpu/armv8/rk33xx/built-in.o
                0x00000000002037fc                rkcru_cpu_soft_reset
 .text.rkcru_mmc_soft_reset
                0x0000000000203824       0x60 arch/arm/cpu/armv8/rk33xx/built-in.o
                0x0000000000203824                rkcru_mmc_soft_reset
 .text.rkcru_i2c_soft_reset
                0x0000000000203884       0x60 arch/arm/cpu/armv8/rk33xx/built-in.o
                0x0000000000203884                rkcru_i2c_soft_reset
 .text.gic_handler_enable
                0x00000000002038e4       0x4c arch/arm/cpu/armv8/rk33xx/built-in.o
 .text.gpio_irq_enable
                0x0000000000203930       0x5c arch/arm/cpu/armv8/rk33xx/built-in.o
 .text.gpio_irq_handler
                0x000000000020398c      0x138 arch/arm/cpu/armv8/rk33xx/built-in.o
 .text.irq_handler_enable
                0x0000000000203ac4       0x38 arch/arm/cpu/armv8/rk33xx/built-in.o
                0x0000000000203ac4                irq_handler_enable
 .text.irq_install_handler
                0x0000000000203afc       0x48 arch/arm/cpu/armv8/rk33xx/built-in.o
                0x0000000000203afc                irq_install_handler
 .text.enable_interrupts
                0x0000000000203b44        0x8 arch/arm/cpu/armv8/rk33xx/built-in.o
                0x0000000000203b44                enable_interrupts
 .text.disable_interrupts
                0x0000000000203b4c        0xc arch/arm/cpu/armv8/rk33xx/built-in.o
                0x0000000000203b4c                disable_interrupts
 .text.do_irq   0x0000000000203b58       0x4c arch/arm/cpu/armv8/rk33xx/built-in.o
                0x0000000000203b58                do_irq
 .text.arch_interrupt_init
                0x0000000000203ba4       0xb8 arch/arm/cpu/armv8/rk33xx/built-in.o
                0x0000000000203ba4                arch_interrupt_init
 .text.interrupt_init
                0x0000000000203c5c        0x4 arch/arm/cpu/armv8/rk33xx/built-in.o
                0x0000000000203c5c                interrupt_init
 .text.dram_bank_reserve
                0x0000000000203c60      0x1e0 arch/arm/cpu/armv8/rk33xx/built-in.o
 .text.dram_init
                0x0000000000203e40       0xa0 arch/arm/cpu/armv8/rk33xx/built-in.o
                0x0000000000203e40                dram_init
 .text.dram_init_banksize
                0x0000000000203ee0      0x218 arch/arm/cpu/armv8/rk33xx/built-in.o
                0x0000000000203ee0                dram_init_banksize
 .text.rk_iomux_sdcard_save
                0x00000000002040f8       0x28 arch/arm/cpu/armv8/rk33xx/built-in.o
                0x00000000002040f8                rk_iomux_sdcard_save
 .text.rk_iomux_sdcard_restore
                0x0000000000204120       0x1c arch/arm/cpu/armv8/rk33xx/built-in.o
                0x0000000000204120                rk_iomux_sdcard_restore
 .text.rk_iomux_config
                0x000000000020413c      0x268 arch/arm/cpu/armv8/rk33xx/built-in.o
                0x000000000020413c                rk_iomux_config
 .text.rk_module_deinit
                0x00000000002043a4       0x18 arch/arm/cpu/armv8/rk33xx/built-in.o
                0x00000000002043a4                rk_module_deinit
 .text.reset_cpu
                0x00000000002043bc       0x28 arch/arm/cpu/armv8/rk33xx/built-in.o
                0x00000000002043bc                reset_cpu
 *fill*         0x00000000002043e4        0x4 
 .text          0x00000000002043e8      0x290 arch/arm/lib/built-in.o
                0x00000000002043e8                _main
                0x0000000000204468                relocate_code
                0x0000000000204540                gic_init_secure
                0x0000000000204574                gic_init_secure_percpu
                0x0000000000204654                gic_kick_secondary_cpus
                0x0000000000204664                gic_wait_for_interrupt
 .text.arch_fixup_fdt
                0x0000000000204678      0x180 arch/arm/lib/built-in.o
                0x0000000000204678                arch_fixup_fdt
 .text.boot_jump_linux
                0x00000000002047f8       0x8c arch/arm/lib/built-in.o
 .text.arch_lmb_reserve
                0x0000000000204884       0x24 arch/arm/lib/built-in.o
                0x0000000000204884                arch_lmb_reserve
 .text.setup_board_tags
                0x00000000002048a8        0x4 arch/arm/lib/built-in.o
                0x00000000002048a8                setup_board_tags
 .text.boot_prep_linux
                0x00000000002048ac      0x184 arch/arm/lib/built-in.o
 .text.do_bootm_linux
                0x0000000000204a30       0x74 arch/arm/lib/built-in.o
                0x0000000000204a30                do_bootm_linux
 .text.arch_reserve_stacks
                0x0000000000204aa4       0x10 arch/arm/lib/built-in.o
                0x0000000000204aa4                arch_reserve_stacks
 .text.show_regs
                0x0000000000204ab4       0x84 arch/arm/lib/built-in.o
                0x0000000000204ab4                show_regs
 .text.do_bad_sync
                0x0000000000204b38       0x30 arch/arm/lib/built-in.o
                0x0000000000204b38                do_bad_sync
 .text.do_bad_irq
                0x0000000000204b68       0x30 arch/arm/lib/built-in.o
                0x0000000000204b68                do_bad_irq
 .text.do_bad_fiq
                0x0000000000204b98       0x30 arch/arm/lib/built-in.o
                0x0000000000204b98                do_bad_fiq
 .text.do_bad_error
                0x0000000000204bc8       0x30 arch/arm/lib/built-in.o
                0x0000000000204bc8                do_bad_error
 .text.do_sync  0x0000000000204bf8       0x30 arch/arm/lib/built-in.o
                0x0000000000204bf8                do_sync
 .text.do_fiq   0x0000000000204c28       0x30 arch/arm/lib/built-in.o
                0x0000000000204c28                do_fiq
 .text.do_error
                0x0000000000204c58       0x30 arch/arm/lib/built-in.o
                0x0000000000204c58                do_error
 .text.reset_misc
                0x0000000000204c88        0x4 arch/arm/lib/built-in.o
                0x0000000000204c88                reset_misc
 .text.do_reset
                0x0000000000204c8c       0x38 arch/arm/lib/built-in.o
                0x0000000000204c8c                do_reset
 .text.CRC_32CheckBuffer
                0x0000000000204cc4       0x68 board/rockchip/common/built-in.o
                0x0000000000204cc4                CRC_32CheckBuffer
 .text.dmult    0x0000000000204d2c       0x60 board/rockchip/common/built-in.o
 .text.NN_Cmp   0x0000000000204d8c       0x44 board/rockchip/common/built-in.o
                0x0000000000204d8c                NN_Cmp
 .text.NN_Assign
                0x0000000000204dd0       0x2c board/rockchip/common/built-in.o
                0x0000000000204dd0                NN_Assign
 .text.NN_Digits
                0x0000000000204dfc       0x34 board/rockchip/common/built-in.o
                0x0000000000204dfc                NN_Digits
 .text.NN_AssignZero
                0x0000000000204e30       0x28 board/rockchip/common/built-in.o
                0x0000000000204e30                NN_AssignZero
 .text.NN_Sub   0x0000000000204e58       0x5c board/rockchip/common/built-in.o
                0x0000000000204e58                NN_Sub
 .text.NN_Mult  0x0000000000204eb4      0x134 board/rockchip/common/built-in.o
                0x0000000000204eb4                NN_Mult
 .text.NN_LShift
                0x0000000000204fe8       0x60 board/rockchip/common/built-in.o
                0x0000000000204fe8                NN_LShift
 .text.NN_RShift
                0x0000000000205048       0x50 board/rockchip/common/built-in.o
                0x0000000000205048                NN_RShift
 .text.NN_Div   0x0000000000205098      0x390 board/rockchip/common/built-in.o
                0x0000000000205098                NN_Div
 .text.NN_Mod   0x0000000000205428       0x3c board/rockchip/common/built-in.o
                0x0000000000205428                NN_Mod
 .text.NN_ModMult
                0x0000000000205464       0x48 board/rockchip/common/built-in.o
                0x0000000000205464                NN_ModMult
 .text.NN_ModExp
                0x00000000002054ac      0x188 board/rockchip/common/built-in.o
                0x00000000002054ac                NN_ModExp
 .text.NN_Decode
                0x0000000000205634       0x78 board/rockchip/common/built-in.o
                0x0000000000205634                NN_Decode
 .text.NN_Encode
                0x00000000002056ac       0x6c board/rockchip/common/built-in.o
                0x00000000002056ac                NN_Encode
 .text.rsapublicfunc.constprop.7
                0x0000000000205718      0x134 board/rockchip/common/built-in.o
 .text.rsaDecodeHash
                0x000000000020584c       0x6c board/rockchip/common/built-in.o
                0x000000000020584c                rsaDecodeHash
 .text.rsaCheckMD5
                0x00000000002058b8       0x84 board/rockchip/common/built-in.o
                0x00000000002058b8                rsaCheckMD5
 .text.P_RC4    0x000000000020593c      0x11c board/rockchip/common/built-in.o
                0x000000000020593c                P_RC4
 .text.ftl_memset
                0x0000000000205a58        0x8 board/rockchip/common/built-in.o
                0x0000000000205a58                ftl_memset
 .text.ftl_memcpy
                0x0000000000205a60       0x40 board/rockchip/common/built-in.o
                0x0000000000205a60                ftl_memcpy
 .text.ftl_memcmp
                0x0000000000205aa0        0x8 board/rockchip/common/built-in.o
                0x0000000000205aa0                ftl_memcmp
 .text.DRVDelayUs
                0x0000000000205aa8        0x8 board/rockchip/common/built-in.o
                0x0000000000205aa8                DRVDelayUs
 .text.CacheFlushDRegion
                0x0000000000205ab0        0xc board/rockchip/common/built-in.o
                0x0000000000205ab0                CacheFlushDRegion
 .text.CacheInvalidateDRegion
                0x0000000000205abc       0x10 board/rockchip/common/built-in.o
                0x0000000000205abc                CacheInvalidateDRegion
 .text.IReadLoaderFlag
                0x0000000000205acc       0x10 board/rockchip/common/built-in.o
                0x0000000000205acc                IReadLoaderFlag
 .text.ISetLoaderFlag
                0x0000000000205adc       0x10 board/rockchip/common/built-in.o
                0x0000000000205adc                ISetLoaderFlag
 .text.GetMmcCLK
                0x0000000000205aec       0x1c board/rockchip/common/built-in.o
                0x0000000000205aec                GetMmcCLK
 .text.SDCReset
                0x0000000000205b08       0x44 board/rockchip/common/built-in.o
                0x0000000000205b08                SDCReset
 .text.SCUSelSDClk
                0x0000000000205b4c        0x4 board/rockchip/common/built-in.o
                0x0000000000205b4c                SCUSelSDClk
 .text.sdmmcGpioInit
                0x0000000000205b50       0x10 board/rockchip/common/built-in.o
                0x0000000000205b50                sdmmcGpioInit
 .text.FW_NandDeInit
                0x0000000000205b60       0x20 board/rockchip/common/built-in.o
                0x0000000000205b60                FW_NandDeInit
 .text.rkplat_uart2UsbEn
                0x0000000000205b80       0x58 board/rockchip/common/built-in.o
                0x0000000000205b80                rkplat_uart2UsbEn
 .text.ParseAtoi
                0x0000000000205bd8       0xb4 board/rockchip/common/built-in.o
 .text.memparse
                0x0000000000205c8c       0x70 board/rockchip/common/built-in.o
 .text.get_part
                0x0000000000205cfc      0x1e0 board/rockchip/common/built-in.o
 .text.find_mtd_part
                0x0000000000205edc       0x64 board/rockchip/common/built-in.o
 .text.CheckParam
                0x0000000000205f40       0x84 board/rockchip/common/built-in.o
                0x0000000000205f40                CheckParam
 .text.GetParam
                0x0000000000205fc4       0x70 board/rockchip/common/built-in.o
                0x0000000000205fc4                GetParam
 .text.ParseParam
                0x0000000000206034      0x6cc board/rockchip/common/built-in.o
                0x0000000000206034                ParseParam
 .text.get_disk_partition
                0x0000000000206700       0x4c board/rockchip/common/built-in.o
                0x0000000000206700                get_disk_partition
 .text.load_disk_partitions
                0x000000000020674c       0xa4 board/rockchip/common/built-in.o
                0x000000000020674c                load_disk_partitions
 .text.FindIDBlock.constprop.3
                0x00000000002067f0      0x13c board/rockchip/common/built-in.o
 .text.rkidb_update_loader
                0x000000000020692c      0x910 board/rockchip/common/built-in.o
                0x000000000020692c                rkidb_update_loader
 .text.rkidb_setup_space
                0x000000000020723c       0x48 board/rockchip/common/built-in.o
                0x000000000020723c                rkidb_setup_space
 .text.rkidb_get_idblk_data
                0x0000000000207284       0x34 board/rockchip/common/built-in.o
                0x0000000000207284                rkidb_get_idblk_data
 .text.rkidb_get_bootloader_ver
                0x00000000002072b8       0x88 board/rockchip/common/built-in.o
                0x00000000002072b8                rkidb_get_bootloader_ver
 .text.rkidb_get_sn
                0x0000000000207340       0x70 board/rockchip/common/built-in.o
                0x0000000000207340                rkidb_get_sn
 .text.rkloader_CopyFlash2Memory
                0x00000000002073b0       0xac board/rockchip/common/built-in.o
                0x00000000002073b0                rkloader_CopyFlash2Memory
 .text.rkloader_CopyMemory2Flash
                0x000000000020745c       0x78 board/rockchip/common/built-in.o
                0x000000000020745c                rkloader_CopyMemory2Flash
 .text.rkloader_change_cmd_for_recovery
                0x00000000002074d4      0x114 board/rockchip/common/built-in.o
                0x00000000002074d4                rkloader_change_cmd_for_recovery
 .text.rkloader_run_misc_cmd
                0x00000000002075e8      0x250 board/rockchip/common/built-in.o
                0x00000000002075e8                rkloader_run_misc_cmd
 .text.rkloader_fixInitrd
                0x0000000000207838       0xdc board/rockchip/common/built-in.o
                0x0000000000207838                rkloader_fixInitrd
 .text.rkloader_set_bootloader_msg
                0x0000000000207914       0x70 board/rockchip/common/built-in.o
                0x0000000000207914                rkloader_set_bootloader_msg
 .text.rkimg_load_image
                0x0000000000207984       0xc0 board/rockchip/common/built-in.o
 .text.rkimg_handleDirectDownload
                0x0000000000207a44       0x9c board/rockchip/common/built-in.o
 .text.rkimg_handleSparseDownload
                0x0000000000207ae0      0x1d4 board/rockchip/common/built-in.o
 .text.rkimage_load_image
                0x0000000000207cb4       0x84 board/rockchip/common/built-in.o
                0x0000000000207cb4                rkimage_load_image
 .text.rkimage_partition_erase
                0x0000000000207d38       0x20 board/rockchip/common/built-in.o
                0x0000000000207d38                rkimage_partition_erase
 .text.rkimage_store_image
                0x0000000000207d58      0x6fc board/rockchip/common/built-in.o
                0x0000000000207d58                rkimage_store_image
 .text.rkimage_handleDownload
                0x0000000000208454      0x1e0 board/rockchip/common/built-in.o
                0x0000000000208454                rkimage_handleDownload
 .text.rkimage_load_fdt
                0x0000000000208634      0x158 board/rockchip/common/built-in.o
                0x0000000000208634                rkimage_load_fdt
 .text.rkimage_load_fdt_ram
                0x000000000020878c       0x90 board/rockchip/common/built-in.o
                0x000000000020878c                rkimage_load_fdt_ram
 .text.rkimage_prepare_fdt
                0x000000000020881c       0xb0 board/rockchip/common/built-in.o
                0x000000000020881c                rkimage_prepare_fdt
 .text.GetPortState
                0x00000000002088cc       0xd0 board/rockchip/common/built-in.o
 .text.checkKey
                0x000000000020899c       0x90 board/rockchip/common/built-in.o
                0x000000000020899c                checkKey
 .text.key_init
                0x0000000000208a2c      0x24c board/rockchip/common/built-in.o
                0x0000000000208a2c                key_init
 .text.powerOn  0x0000000000208c78       0x20 board/rockchip/common/built-in.o
                0x0000000000208c78                powerOn
 .text.GetKeySlotStr
                0x0000000000208c98       0x34 board/rockchip/common/built-in.o
                0x0000000000208c98                GetKeySlotStr
 .text.free_blob
                0x0000000000208ccc       0x18 board/rockchip/common/built-in.o
                0x0000000000208ccc                free_blob
 .text.free_cert_chain
                0x0000000000208ce4       0x60 board/rockchip/common/built-in.o
                0x0000000000208ce4                free_cert_chain
 .text.copy_from_buf
                0x0000000000208d44       0x3c board/rockchip/common/built-in.o
                0x0000000000208d44                copy_from_buf
 .text.copy_uint32_from_buf
                0x0000000000208d80        0x8 board/rockchip/common/built-in.o
                0x0000000000208d80                copy_uint32_from_buf
 .text.copy_blob_from_buf
                0x0000000000208d88       0x84 board/rockchip/common/built-in.o
                0x0000000000208d88                copy_blob_from_buf
 .text.copy_cert_chain_from_buf
                0x0000000000208e0c       0xe4 board/rockchip/common/built-in.o
                0x0000000000208e0c                copy_cert_chain_from_buf
 .text.validate_ca_header
                0x0000000000208ef0       0xb4 board/rockchip/common/built-in.o
                0x0000000000208ef0                validate_ca_header
 .text.WriteKeyToStorage
                0x0000000000208fa4       0x74 board/rockchip/common/built-in.o
                0x0000000000208fa4                WriteKeyToStorage
 .text.WriteCertToStorage
                0x0000000000209018       0x80 board/rockchip/common/built-in.o
                0x0000000000209018                WriteCertToStorage
 .text.WriteChainLengthToStorage
                0x0000000000209098       0x74 board/rockchip/common/built-in.o
                0x0000000000209098                WriteChainLengthToStorage
 .text.load_attestation_key
                0x000000000020910c      0x35c board/rockchip/common/built-in.o
                0x000000000020910c                load_attestation_key
 .text.board_fbt_run_recovery
                0x0000000000209468       0x50 board/rockchip/common/built-in.o
 .text.board_fbt_request_start_fastboot
                0x00000000002094b8       0x68 board/rockchip/common/built-in.o
 .text.board_fbt_set_reboot_type
                0x0000000000209520       0x8c board/rockchip/common/built-in.o
                0x0000000000209520                board_fbt_set_reboot_type
 .text.board_fbt_get_reboot_type
                0x00000000002095ac      0x16c board/rockchip/common/built-in.o
                0x00000000002095ac                board_fbt_get_reboot_type
 .text.board_fbt_key_pressed
                0x0000000000209718       0xc8 board/rockchip/common/built-in.o
                0x0000000000209718                board_fbt_key_pressed
 .text.board_fbt_finalize_bootargs
                0x00000000002097e0       0x78 board/rockchip/common/built-in.o
                0x00000000002097e0                board_fbt_finalize_bootargs
 .text.board_fbt_boot_failed
                0x0000000000209858       0xd8 board/rockchip/common/built-in.o
                0x0000000000209858                board_fbt_boot_failed
 .text.board_fbt_oem
                0x0000000000209930        0x8 board/rockchip/common/built-in.o
                0x0000000000209930                board_fbt_oem
 .text.board_fbt_handle_erase
                0x0000000000209938        0x4 board/rockchip/common/built-in.o
                0x0000000000209938                board_fbt_handle_erase
 .text.board_fbt_handle_flash
                0x000000000020993c        0x4 board/rockchip/common/built-in.o
                0x000000000020993c                board_fbt_handle_flash
 .text.board_fbt_handle_download
                0x0000000000209940        0x4 board/rockchip/common/built-in.o
                0x0000000000209940                board_fbt_handle_download
 .text.board_fbt_load_partition_table
                0x0000000000209944        0x4 board/rockchip/common/built-in.o
                0x0000000000209944                board_fbt_load_partition_table
 .text.board_fbt_get_partition
                0x0000000000209948        0x4 board/rockchip/common/built-in.o
                0x0000000000209948                board_fbt_get_partition
 .text.board_fbt_run_recovery_wipe_data
                0x000000000020994c       0x80 board/rockchip/common/built-in.o
                0x000000000020994c                board_fbt_run_recovery_wipe_data
 .text.board_fbt_preboot
                0x00000000002099cc      0x260 board/rockchip/common/built-in.o
                0x00000000002099cc                board_fbt_preboot
 .text.MMC_AccessBootPartition
                0x0000000000209c2c       0x6c board/rockchip/common/built-in.o
                0x0000000000209c2c                MMC_AccessBootPartition
 .text.MMC_SetBootBusWidth
                0x0000000000209c98       0x70 board/rockchip/common/built-in.o
                0x0000000000209c98                MMC_SetBootBusWidth
 .text.MMC_SwitchBoot
                0x0000000000209d08       0x74 board/rockchip/common/built-in.o
                0x0000000000209d08                MMC_SwitchBoot
 .text.MMC_Init
                0x0000000000209d7c      0x6d0 board/rockchip/common/built-in.o
                0x0000000000209d7c                MMC_Init
 .text._SD_DecodeCID
                0x000000000020a44c       0x84 board/rockchip/common/built-in.o
 .text._SD_DecodeCSD
                0x000000000020a4d0       0xf0 board/rockchip/common/built-in.o
 .text.unlikely._SD_SwitchFunction
                0x000000000020a5c0      0x3b4 board/rockchip/common/built-in.o
 .text.SD1X_Init
                0x000000000020a974      0x1f4 board/rockchip/common/built-in.o
                0x000000000020a974                SD1X_Init
 .text.SD20_Init
                0x000000000020ab68      0x230 board/rockchip/common/built-in.o
                0x000000000020ab68                SD20_Init
 .text.unlikely._ReadRemainData
                0x000000000020ad98       0xf0 board/rockchip/common/built-in.o
 .text._ControlClock
                0x000000000020ae88       0xc4 board/rockchip/common/built-in.o
 .text._ChangeFreq
                0x000000000020af4c      0x170 board/rockchip/common/built-in.o
 .text._WaitCardBusy
                0x000000000020b0bc       0x68 board/rockchip/common/built-in.o
 .text.eMMC_SetDataHigh
                0x000000000020b124       0x48 board/rockchip/common/built-in.o
                0x000000000020b124                eMMC_SetDataHigh
 .text.SDC_IsCardIdValid
                0x000000000020b16c        0xc board/rockchip/common/built-in.o
                0x000000000020b16c                SDC_IsCardIdValid
 .text.SDC_IsCardWriteProtected
                0x000000000020b178        0x8 board/rockchip/common/built-in.o
                0x000000000020b178                SDC_IsCardWriteProtected
 .text.SDC_GetHostBusWidth
                0x000000000020b180       0x24 board/rockchip/common/built-in.o
                0x000000000020b180                SDC_GetHostBusWidth
 .text.SDC_SetHostBusWidth
                0x000000000020b1a4       0x78 board/rockchip/common/built-in.o
                0x000000000020b1a4                SDC_SetHostBusWidth
 .text.SDC_ResetController
                0x000000000020b21c      0x14c board/rockchip/common/built-in.o
                0x000000000020b21c                SDC_ResetController
 .text.SDC_Init
                0x000000000020b368      0x130 board/rockchip/common/built-in.o
                0x000000000020b368                SDC_Init
 .text.SDC_UpdateCardFreq
                0x000000000020b498       0x40 board/rockchip/common/built-in.o
                0x000000000020b498                SDC_UpdateCardFreq
 .text.SDC_ControlPower
                0x000000000020b4d8       0x34 board/rockchip/common/built-in.o
                0x000000000020b4d8                SDC_ControlPower
 .text.SDC_BusRequest
                0x000000000020b50c      0xa30 board/rockchip/common/built-in.o
                0x000000000020b50c                SDC_BusRequest
 .text._ResponseTimeoutHandle
                0x000000000020bf3c       0xd4 board/rockchip/common/built-in.o
 .text._DataErrorHandle
                0x000000000020c010       0xc0 board/rockchip/common/built-in.o
 .text._SDMMC_Write
                0x000000000020c0d0      0x184 board/rockchip/common/built-in.o
 .text._SDMMC_Read
                0x000000000020c254      0x1ec board/rockchip/common/built-in.o
 .text._GenerateRCA
                0x000000000020c440       0x3c board/rockchip/common/built-in.o
                0x000000000020c440                _GenerateRCA
 .text._IsRCAUsable
                0x000000000020c47c       0x38 board/rockchip/common/built-in.o
                0x000000000020c47c                _IsRCAUsable
 .text._Identify_SendCmd
                0x000000000020c4b4        0x4 board/rockchip/common/built-in.o
                0x000000000020c4b4                _Identify_SendCmd
 .text._Identify_SendAppCmd
                0x000000000020c4b8       0x94 board/rockchip/common/built-in.o
                0x000000000020c4b8                _Identify_SendAppCmd
 .text.SDM_Init
                0x000000000020c54c       0x60 board/rockchip/common/built-in.o
                0x000000000020c54c                SDM_Init
 .text.SDM_Open
                0x000000000020c5ac       0x68 board/rockchip/common/built-in.o
                0x000000000020c5ac                SDM_Open
 .text.SDM_Read
                0x000000000020c614      0x164 board/rockchip/common/built-in.o
                0x000000000020c614                SDM_Read
 .text.SDM_Write
                0x000000000020c778      0x16c board/rockchip/common/built-in.o
                0x000000000020c778                SDM_Write
 .text.SDM_IOCtrl
                0x000000000020c8e4      0x4f4 board/rockchip/common/built-in.o
                0x000000000020c8e4                SDM_IOCtrl
 .text.SDOAM_Delay
                0x000000000020cdd8        0x4 board/rockchip/common/built-in.o
                0x000000000020cdd8                SDOAM_Delay
 .text.SDOAM_SendMsg
                0x000000000020cddc        0x4 board/rockchip/common/built-in.o
                0x000000000020cddc                SDOAM_SendMsg
 .text.SDOAM_CreateMutex
                0x000000000020cde0       0x38 board/rockchip/common/built-in.o
                0x000000000020cde0                SDOAM_CreateMutex
 .text.SDOAM_RequestMutex
                0x000000000020ce18        0x4 board/rockchip/common/built-in.o
                0x000000000020ce18                SDOAM_RequestMutex
 .text.SDOAM_ReleaseMutex
                0x000000000020ce1c        0x4 board/rockchip/common/built-in.o
                0x000000000020ce1c                SDOAM_ReleaseMutex
 .text.SDOAM_CreateEvent
                0x000000000020ce20       0x34 board/rockchip/common/built-in.o
                0x000000000020ce20                SDOAM_CreateEvent
 .text.SDPAM_FlushCache
                0x000000000020ce54        0x4 board/rockchip/common/built-in.o
                0x000000000020ce54                SDPAM_FlushCache
 .text.SDPAM_CleanCache
                0x000000000020ce58        0x4 board/rockchip/common/built-in.o
                0x000000000020ce58                SDPAM_CleanCache
 .text.SDPAM_InvalidateCache
                0x000000000020ce5c        0x4 board/rockchip/common/built-in.o
                0x000000000020ce5c                SDPAM_InvalidateCache
 .text.SDPAM_GetAHBFreq
                0x000000000020ce60        0x4 board/rockchip/common/built-in.o
                0x000000000020ce60                SDPAM_GetAHBFreq
 .text.SDPAM_SDCClkEnable
                0x000000000020ce64        0x4 board/rockchip/common/built-in.o
                0x000000000020ce64                SDPAM_SDCClkEnable
 .text.SDPAM_SDCReset
                0x000000000020ce68       0x14 board/rockchip/common/built-in.o
                0x000000000020ce68                SDPAM_SDCReset
 .text.SDPAM_SetMmcClkDiv
                0x000000000020ce7c       0x14 board/rockchip/common/built-in.o
                0x000000000020ce7c                SDPAM_SetMmcClkDiv
 .text.SDPAM_IOMUX_SetSDPort
                0x000000000020ce90        0x8 board/rockchip/common/built-in.o
                0x000000000020ce90                SDPAM_IOMUX_SetSDPort
 .text.SDPAM_ControlPower
                0x000000000020ce98        0x4 board/rockchip/common/built-in.o
                0x000000000020ce98                SDPAM_ControlPower
 .text.rpmb_send_cmd
                0x000000000020ce9c       0xb8 board/rockchip/common/built-in.o
                0x000000000020ce9c                rpmb_send_cmd
 .text.mmc_rpmb_request
                0x000000000020cf54       0xc8 board/rockchip/common/built-in.o
 .text.mmc_rpmb_response
                0x000000000020d01c      0x128 board/rockchip/common/built-in.o
 .text.rpmb_switch_part
                0x000000000020d144       0x94 board/rockchip/common/built-in.o
                0x000000000020d144                rpmb_switch_part
 .text.read_counter
                0x000000000020d1d8       0x54 board/rockchip/common/built-in.o
                0x000000000020d1d8                read_counter
 .text.program_key
                0x000000000020d22c       0x84 board/rockchip/common/built-in.o
                0x000000000020d22c                program_key
 .text.authenticated_read
                0x000000000020d2b0       0x60 board/rockchip/common/built-in.o
                0x000000000020d2b0                authenticated_read
 .text.authenticated_write
                0x000000000020d310       0x84 board/rockchip/common/built-in.o
                0x000000000020d310                authenticated_write
 .text.init_rpmb
                0x000000000020d394       0x24 board/rockchip/common/built-in.o
                0x000000000020d394                init_rpmb
 .text.finish_rpmb
                0x000000000020d3b8       0x24 board/rockchip/common/built-in.o
                0x000000000020d3b8                finish_rpmb
 .text.do_readcounter
                0x000000000020d3dc        0xc board/rockchip/common/built-in.o
                0x000000000020d3dc                do_readcounter
 .text.do_programkey
                0x000000000020d3e8        0xc board/rockchip/common/built-in.o
                0x000000000020d3e8                do_programkey
 .text.do_authenticatedread
                0x000000000020d3f4       0x14 board/rockchip/common/built-in.o
                0x000000000020d3f4                do_authenticatedread
 .text.do_authenticatedwrite
                0x000000000020d408        0xc board/rockchip/common/built-in.o
                0x000000000020d408                do_authenticatedwrite
 .text.do_returnmmc
                0x000000000020d414       0x44 board/rockchip/common/built-in.o
                0x000000000020d414                do_returnmmc
 .text.extract_uint32_bits
                0x000000000020d458       0x60 board/rockchip/common/built-in.o
 .text.mmc_set_clock
                0x000000000020d4b8       0x34 board/rockchip/common/built-in.o
 .text.mmc_send_cmd
                0x000000000020d4ec      0x1f4 board/rockchip/common/built-in.o
 .text.mmc_send_ext_csd
                0x000000000020d6e0      0x11c board/rockchip/common/built-in.o
 .text.mmc_go_idle.constprop.12
                0x000000000020d7fc       0x6c board/rockchip/common/built-in.o
 .text.mmc_send_status.constprop.15
                0x000000000020d868       0xd4 board/rockchip/common/built-in.o
 .text.mmc_switch.isra.2
                0x000000000020d93c       0x90 board/rockchip/common/built-in.o
 .text.mmc_set_timing
                0x000000000020d9cc       0x1c board/rockchip/common/built-in.o
                0x000000000020d9cc                mmc_set_timing
 .text.mmc_startup.constprop.5
                0x000000000020d9e8      0xab4 board/rockchip/common/built-in.o
 .text.mmc_hs400_to_hs200
                0x000000000020e49c       0xcc board/rockchip/common/built-in.o
                0x000000000020e49c                mmc_hs400_to_hs200
 .text.mmc_retune
                0x000000000020e568      0x17c board/rockchip/common/built-in.o
                0x000000000020e568                mmc_retune
 .text.mmc_setup_media
                0x000000000020e6e4      0x20c board/rockchip/common/built-in.o
                0x000000000020e6e4                mmc_setup_media
 .text.block_mmc_read
                0x000000000020e8f0      0x1b4 board/rockchip/common/built-in.o
                0x000000000020e8f0                block_mmc_read
 .text.block_mmc_write
                0x000000000020eaa4      0x178 board/rockchip/common/built-in.o
                0x000000000020eaa4                block_mmc_write
 .text.new_mem_sdhci_host
                0x000000000020ec1c       0xe4 board/rockchip/common/built-in.o
                0x000000000020ec1c                new_mem_sdhci_host
 .text.mmc_get_capacity
                0x000000000020ed00       0x14 board/rockchip/common/built-in.o
                0x000000000020ed00                mmc_get_capacity
 .text.mmc_init
                0x000000000020ed14       0x58 board/rockchip/common/built-in.o
                0x000000000020ed14                mmc_init
 .text.sdhci_enhanced_strobe
                0x000000000020ed6c       0x24 board/rockchip/common/built-in.o
 .text.sdhci_reset.constprop.18
                0x000000000020ed90       0x7c board/rockchip/common/built-in.o
 .text.sdhci_pre_init.constprop.11
                0x000000000020ee0c      0x224 board/rockchip/common/built-in.o
 .text.sdhci_cmd_done.constprop.17
                0x000000000020f030       0x68 board/rockchip/common/built-in.o
 .text.sdhci_init.part.7.constprop.22
                0x000000000020f098      0x15c board/rockchip/common/built-in.o
 .text.sdhci_update
                0x000000000020f1f4       0xe8 board/rockchip/common/built-in.o
 .text.timer_us
                0x000000000020f2dc       0x40 board/rockchip/common/built-in.o
                0x000000000020f2dc                timer_us
 .text.sdhci_send_command
                0x000000000020f31c      0x67c board/rockchip/common/built-in.o
 .text.sdhci_execute_tuning
                0x000000000020f998      0x168 board/rockchip/common/built-in.o
 .text.sdhci_config_phy
                0x000000000020fb00      0x110 board/rockchip/common/built-in.o
                0x000000000020fb00                sdhci_config_phy
 .text.sdhci_set_clock.part.9.constprop.19
                0x000000000020fc10      0x12c board/rockchip/common/built-in.o
 .text.sdhci_set_uhs_signaling
                0x000000000020fd3c       0xec board/rockchip/common/built-in.o
                0x000000000020fd3c                sdhci_set_uhs_signaling
 .text.sdhci_set_ios
                0x000000000020fe28      0x1f0 board/rockchip/common/built-in.o
 .text.add_sdhci
                0x0000000000210018       0x50 board/rockchip/common/built-in.o
                0x0000000000210018                add_sdhci
 .text.SdmmcReinit
                0x0000000000210068       0x9c board/rockchip/common/built-in.o
                0x0000000000210068                SdmmcReinit
 .text.SdmmcInit
                0x0000000000210104      0x180 board/rockchip/common/built-in.o
                0x0000000000210104                SdmmcInit
 .text.SdmmcDeInit
                0x0000000000210284        0x8 board/rockchip/common/built-in.o
                0x0000000000210284                SdmmcDeInit
 .text.SdmmcBootWritePBA
                0x000000000021028c      0x104 board/rockchip/common/built-in.o
                0x000000000021028c                SdmmcBootWritePBA
 .text.SdmmcBootReadPBA
                0x0000000000210390      0x114 board/rockchip/common/built-in.o
                0x0000000000210390                SdmmcBootReadPBA
 .text.SdmmcBootReadLBA
                0x00000000002104a4       0xb8 board/rockchip/common/built-in.o
                0x00000000002104a4                SdmmcBootReadLBA
 .text.SdmmcBootWriteLBA
                0x000000000021055c       0x40 board/rockchip/common/built-in.o
                0x000000000021055c                SdmmcBootWriteLBA
 .text.SdmmcReadID
                0x000000000021059c       0x28 board/rockchip/common/built-in.o
                0x000000000021059c                SdmmcReadID
 .text.SdmmcReadFlashInfo
                0x00000000002105c4       0xa0 board/rockchip/common/built-in.o
                0x00000000002105c4                SdmmcReadFlashInfo
 .text.SdmmcGetCapacity
                0x0000000000210664       0x24 board/rockchip/common/built-in.o
                0x0000000000210664                SdmmcGetCapacity
 .text.SdmmcSysDataLoad
                0x0000000000210688       0x40 board/rockchip/common/built-in.o
                0x0000000000210688                SdmmcSysDataLoad
 .text.SdmmcSysDataStore
                0x00000000002106c8       0x40 board/rockchip/common/built-in.o
                0x00000000002106c8                SdmmcSysDataStore
 .text.SdmmcGetFwOffset
                0x0000000000210708       0x28 board/rockchip/common/built-in.o
                0x0000000000210708                SdmmcGetFwOffset
 .text.SdmmcGetSysOffset
                0x0000000000210730       0x28 board/rockchip/common/built-in.o
                0x0000000000210730                SdmmcGetSysOffset
 .text.SdmmcBootErase
                0x0000000000210758        0x8 board/rockchip/common/built-in.o
                0x0000000000210758                SdmmcBootErase
 .text.SdmmcGetSDCardBootMode
                0x0000000000210760        0xc board/rockchip/common/built-in.o
                0x0000000000210760                SdmmcGetSDCardBootMode
 .text.sdhci_block_read
                0x000000000021076c       0x3c board/rockchip/common/built-in.o
                0x000000000021076c                sdhci_block_read
 .text.sdhci_block_write
                0x00000000002107a8       0x3c board/rockchip/common/built-in.o
                0x00000000002107a8                sdhci_block_write
 .text.SdhciInit
                0x00000000002107e4       0x60 board/rockchip/common/built-in.o
                0x00000000002107e4                SdhciInit
 .text.SdhciBootWritePBA
                0x0000000000210844       0xd4 board/rockchip/common/built-in.o
                0x0000000000210844                SdhciBootWritePBA
 .text.SdhciBootReadPBA
                0x0000000000210918       0xe4 board/rockchip/common/built-in.o
                0x0000000000210918                SdhciBootReadPBA
 .text.SdhciBootWriteLBA
                0x00000000002109fc        0xc board/rockchip/common/built-in.o
                0x00000000002109fc                SdhciBootWriteLBA
 .text.SdhciBootReadLBA
                0x0000000000210a08        0xc board/rockchip/common/built-in.o
                0x0000000000210a08                SdhciBootReadLBA
 .text.SdhciReadID
                0x0000000000210a14       0x28 board/rockchip/common/built-in.o
                0x0000000000210a14                SdhciReadID
 .text.SdhciReadFlashInfo
                0x0000000000210a3c       0x5c board/rockchip/common/built-in.o
                0x0000000000210a3c                SdhciReadFlashInfo
 .text.SdhciGetCapacity
                0x0000000000210a98       0x10 board/rockchip/common/built-in.o
                0x0000000000210a98                SdhciGetCapacity
 .text.SdhciSysDataLoad
                0x0000000000210aa8       0x10 board/rockchip/common/built-in.o
                0x0000000000210aa8                SdhciSysDataLoad
 .text.SdhciSysDataStore
                0x0000000000210ab8       0x10 board/rockchip/common/built-in.o
                0x0000000000210ab8                SdhciSysDataStore
 .text.SdhciBootErase
                0x0000000000210ac8        0x8 board/rockchip/common/built-in.o
                0x0000000000210ac8                SdhciBootErase
 .text.CryptoSHAInit
                0x0000000000210ad0       0x5c board/rockchip/common/built-in.o
                0x0000000000210ad0                CryptoSHAInit
 .text.CryptoSHAInputByteSwap
                0x0000000000210b2c       0x24 board/rockchip/common/built-in.o
                0x0000000000210b2c                CryptoSHAInputByteSwap
 .text.CryptoSHAStart
                0x0000000000210b50       0x60 board/rockchip/common/built-in.o
                0x0000000000210b50                CryptoSHAStart
 .text.CryptoSHAEnd
                0x0000000000210bb0       0x48 board/rockchip/common/built-in.o
                0x0000000000210bb0                CryptoSHAEnd
 .text.CryptoRSAStart
                0x0000000000210bf8       0xa8 board/rockchip/common/built-in.o
                0x0000000000210bf8                CryptoRSAStart
 .text.CryptoRSAEnd
                0x0000000000210ca0       0x34 board/rockchip/common/built-in.o
                0x0000000000210ca0                CryptoRSAEnd
 .text.CryptoRSAInit
                0x0000000000210cd4       0x30 board/rockchip/common/built-in.o
                0x0000000000210cd4                CryptoRSAInit
 .text.CryptoInit
                0x0000000000210d04        0xc board/rockchip/common/built-in.o
                0x0000000000210d04                CryptoInit
 .text.SecureBootCheck
                0x0000000000210d10       0x58 board/rockchip/common/built-in.o
                0x0000000000210d10                SecureBootCheck
 .text.SecureBootUnlock
                0x0000000000210d68       0x54 board/rockchip/common/built-in.o
                0x0000000000210d68                SecureBootUnlock
 .text.SecureBootUnlockCheck
                0x0000000000210dbc       0x10 board/rockchip/common/built-in.o
                0x0000000000210dbc                SecureBootUnlockCheck
 .text.SecureBootLockLoader
                0x0000000000210dcc        0x4 board/rockchip/common/built-in.o
                0x0000000000210dcc                SecureBootLockLoader
 .text.SecureBootSetSysData2Kernel
                0x0000000000210dd0       0x98 board/rockchip/common/built-in.o
                0x0000000000210dd0                SecureBootSetSysData2Kernel
 .text.SecureBootImageCheck
                0x0000000000210e68       0x18 board/rockchip/common/built-in.o
                0x0000000000210e68                SecureBootImageCheck
 .text.SecureBootSecureState2Kernel
                0x0000000000210e80       0x30 board/rockchip/common/built-in.o
                0x0000000000210e80                SecureBootSecureState2Kernel
 .text.SecureRKModeVerifyLoader
                0x0000000000210eb0       0xb8 board/rockchip/common/built-in.o
 .text.SecureNSModeVerifyLoader
                0x0000000000210f68       0x80 board/rockchip/common/built-in.o
 .text.SecureNSModeBootImageShaCheck
                0x0000000000210fe8       0xec board/rockchip/common/built-in.o
 .text.SecureNSModeSignCheck
                0x00000000002110d4       0x5c board/rockchip/common/built-in.o
 .text.SecureRKModeVerifyBootImage.part.0
                0x0000000000211130      0x1dc board/rockchip/common/built-in.o
 .text.SecureModeVerifyLoader
                0x000000000021130c       0x18 board/rockchip/common/built-in.o
                0x000000000021130c                SecureModeVerifyLoader
 .text.SecureModeVerifyUbootImage
                0x0000000000211324      0x254 board/rockchip/common/built-in.o
                0x0000000000211324                SecureModeVerifyUbootImage
 .text.SecureModeVerifyBootImage
                0x0000000000211578      0x13c board/rockchip/common/built-in.o
                0x0000000000211578                SecureModeVerifyBootImage
 .text.SecureModeBootImageCheck
                0x00000000002116b4      0x118 board/rockchip/common/built-in.o
                0x00000000002116b4                SecureModeBootImageCheck
 .text.SecureModeRSAKeyCheck
                0x00000000002117cc       0xf8 board/rockchip/common/built-in.o
                0x00000000002117cc                SecureModeRSAKeyCheck
 .text.SecureModeLockLoader
                0x00000000002118c4       0x48 board/rockchip/common/built-in.o
                0x00000000002118c4                SecureModeLockLoader
 .text.SecureModeInit
                0x000000000021190c      0x310 board/rockchip/common/built-in.o
                0x000000000021190c                SecureModeInit
 .text.FW_ReIntForUpdate
                0x0000000000211c1c       0x40 board/rockchip/common/built-in.o
                0x0000000000211c1c                FW_ReIntForUpdate
 .text.FW_SorageLowFormatEn
                0x0000000000211c5c        0xc board/rockchip/common/built-in.o
                0x0000000000211c5c                FW_SorageLowFormatEn
 .text.FW_SorageLowFormat
                0x0000000000211c68       0x5c board/rockchip/common/built-in.o
                0x0000000000211c68                FW_SorageLowFormat
 .text.FW_StorageGetValid
                0x0000000000211cc4       0x10 board/rockchip/common/built-in.o
                0x0000000000211cc4                FW_StorageGetValid
 .text.FW_GetCurEraseBlock
                0x0000000000211cd4       0x28 board/rockchip/common/built-in.o
                0x0000000000211cd4                FW_GetCurEraseBlock
 .text.FW_GetTotleBlk
                0x0000000000211cfc       0x28 board/rockchip/common/built-in.o
                0x0000000000211cfc                FW_GetTotleBlk
 .text.StorageReadPba
                0x0000000000211d24       0x3c board/rockchip/common/built-in.o
                0x0000000000211d24                StorageReadPba
 .text.StorageWritePba
                0x0000000000211d60       0x3c board/rockchip/common/built-in.o
                0x0000000000211d60                StorageWritePba
 .text.StorageReadLba
                0x0000000000211d9c       0x3c board/rockchip/common/built-in.o
                0x0000000000211d9c                StorageReadLba
 .text.StorageWriteLba
                0x0000000000211dd8       0x40 board/rockchip/common/built-in.o
                0x0000000000211dd8                StorageWriteLba
 .text.StorageEraseData
                0x0000000000211e18       0x38 board/rockchip/common/built-in.o
                0x0000000000211e18                StorageEraseData
 .text.StorageGetCapacity
                0x0000000000211e50       0x2c board/rockchip/common/built-in.o
                0x0000000000211e50                StorageGetCapacity
 .text.StorageSysDataLoad
                0x0000000000211e7c       0x54 board/rockchip/common/built-in.o
                0x0000000000211e7c                StorageSysDataLoad
 .text.StorageSysDataStore
                0x0000000000211ed0       0x38 board/rockchip/common/built-in.o
                0x0000000000211ed0                StorageSysDataStore
 .text.StorageUbootSysDataLoad
                0x0000000000211f08        0x8 board/rockchip/common/built-in.o
                0x0000000000211f08                StorageUbootSysDataLoad
 .text.StorageUbootSysDataStore
                0x0000000000211f10        0x8 board/rockchip/common/built-in.o
                0x0000000000211f10                StorageUbootSysDataStore
 .text.StorageVendorSysDataLoad
                0x0000000000211f18       0x78 board/rockchip/common/built-in.o
                0x0000000000211f18                StorageVendorSysDataLoad
 .text.StorageVendorSysDataStore
                0x0000000000211f90       0x6c board/rockchip/common/built-in.o
                0x0000000000211f90                StorageVendorSysDataStore
 .text.StorageReadFlashInfo
                0x0000000000211ffc       0x30 board/rockchip/common/built-in.o
                0x0000000000211ffc                StorageReadFlashInfo
 .text.StorageEraseBlock
                0x000000000021202c       0x48 board/rockchip/common/built-in.o
                0x000000000021202c                StorageEraseBlock
 .text.StorageGetBootMedia
                0x0000000000212074       0x10 board/rockchip/common/built-in.o
                0x0000000000212074                StorageGetBootMedia
 .text.StorageGetSDFwOffset
                0x0000000000212084       0x24 board/rockchip/common/built-in.o
                0x0000000000212084                StorageGetSDFwOffset
 .text.StorageGetSDSysOffset
                0x00000000002120a8       0x24 board/rockchip/common/built-in.o
                0x00000000002120a8                StorageGetSDSysOffset
 .text.StorageReadId
                0x00000000002120cc       0x34 board/rockchip/common/built-in.o
                0x00000000002120cc                StorageReadId
 .text.StorageSDCardUpdateMode
                0x0000000000212100       0x34 board/rockchip/common/built-in.o
                0x0000000000212100                StorageSDCardUpdateMode
 .text.vendor_storage_init
                0x0000000000212134      0x174 board/rockchip/common/built-in.o
                0x0000000000212134                vendor_storage_init
 .text.StorageInit
                0x00000000002122a8       0xac board/rockchip/common/built-in.o
                0x00000000002122a8                StorageInit
 .text.vendor_storage_read
                0x0000000000212354       0x88 board/rockchip/common/built-in.o
                0x0000000000212354                vendor_storage_read
 .text.vendor_storage_write
                0x00000000002123dc      0x15c board/rockchip/common/built-in.o
                0x00000000002123dc                vendor_storage_write
 .text.rkclk_set_apll_high
                0x0000000000212538        0x4 board/rockchip/rk33xx/built-in.o
                0x0000000000212538                rkclk_set_apll_high
 .text.board_lmb_reserve
                0x000000000021253c       0x50 board/rockchip/rk33xx/built-in.o
                0x000000000021253c                board_lmb_reserve
 .text.board_storage_init
                0x000000000021258c       0x48 board/rockchip/rk33xx/built-in.o
                0x000000000021258c                board_storage_init
 .text.board_init
                0x00000000002125d4       0x24 board/rockchip/rk33xx/built-in.o
                0x00000000002125d4                board_init
 .text.checkboard
                0x00000000002125f8       0x2c board/rockchip/rk33xx/built-in.o
                0x00000000002125f8                checkboard
 .text.arch_early_init_r
                0x0000000000212624       0x1c board/rockchip/rk33xx/built-in.o
                0x0000000000212624                arch_early_init_r
 .text.board_late_init
                0x0000000000212640      0x170 board/rockchip/rk33xx/built-in.o
                0x0000000000212640                board_late_init
 .text.ft_board_setup
                0x00000000002127b0       0x58 board/rockchip/rk33xx/built-in.o
                0x00000000002127b0                ft_board_setup
 .text.show_boot_progress
                0x0000000000212808        0x4 common/built-in.o
                0x0000000000212808                show_boot_progress
 .text.main_loop
                0x000000000021280c       0x40 common/built-in.o
                0x000000000021280c                main_loop
 .text.find_cmd_tbl
                0x000000000021284c       0xc4 common/built-in.o
                0x000000000021284c                find_cmd_tbl
 .text.find_cmd
                0x0000000000212910       0x24 common/built-in.o
                0x0000000000212910                find_cmd
 .text.cmd_usage
                0x0000000000212934       0x68 common/built-in.o
                0x0000000000212934                cmd_usage
 .text._do_help
                0x000000000021299c      0x1a8 common/built-in.o
                0x000000000021299c                _do_help
 .text.cmd_process
                0x0000000000212b44       0xe0 common/built-in.o
                0x0000000000212b44                cmd_process
 .text.dummy    0x0000000000212c24        0x4 common/built-in.o
 .text.get_version
                0x0000000000212c28        0x8 common/built-in.o
                0x0000000000212c28                get_version
 .text.jumptable_init
                0x0000000000212c30      0x1a0 common/built-in.o
                0x0000000000212c30                jumptable_init
 .text.b_reset  0x0000000000212dd0       0x18 common/built-in.o
 .text.static_get
                0x0000000000212de8       0x1c common/built-in.o
 .text.static_peek
                0x0000000000212e04        0xc common/built-in.o
 .text.file_peek
                0x0000000000212e10        0xc common/built-in.o
 .text.syntax_err
                0x0000000000212e1c        0xc common/built-in.o
 .text.free_pipe_list
                0x0000000000212e28       0xf8 common/built-in.o
 .text.xmalloc  0x0000000000212f20       0x28 common/built-in.o
 .text.xrealloc
                0x0000000000212f48       0x28 common/built-in.o
 .text.done_command
                0x0000000000212f70       0x94 common/built-in.o
 .text.done_pipe
                0x0000000000213004       0x70 common/built-in.o
 .text.file_get
                0x0000000000213074      0x1f8 common/built-in.o
 .text.do_showvar
                0x000000000021326c      0x124 common/built-in.o
 .text.b_addchr
                0x0000000000213390       0x90 common/built-in.o
 .text.b_addqchr
                0x0000000000213420       0x58 common/built-in.o
 .text.done_word
                0x0000000000213478      0x2c0 common/built-in.o
 .text.get_local_var
                0x0000000000213738       0x90 common/built-in.o
                0x0000000000213738                get_local_var
 .text.set_local_var
                0x00000000002137c8      0x1a4 common/built-in.o
                0x00000000002137c8                set_local_var
 .text.insert_var_value_sub
                0x000000000021396c      0x2c4 common/built-in.o
 .text.parse_string_outer
                0x0000000000213c30       0xf4 common/built-in.o
                0x0000000000213c30                parse_string_outer
 .text.run_list_real
                0x0000000000213d24      0x7e8 common/built-in.o
 .text.parse_stream_outer
                0x000000000021450c      0x720 common/built-in.o
 .text.parse_file_outer
                0x0000000000214c2c       0x44 common/built-in.o
                0x0000000000214c2c                parse_file_outer
 .text.u_boot_hush_start
                0x0000000000214c70       0x5c common/built-in.o
                0x0000000000214c70                u_boot_hush_start
 .text.run_command
                0x0000000000214ccc        0x8 common/built-in.o
                0x0000000000214ccc                run_command
 .text.run_command_list
                0x0000000000214cd4       0x84 common/built-in.o
                0x0000000000214cd4                run_command_list
 .text.cli_loop
                0x0000000000214d58       0x10 common/built-in.o
                0x0000000000214d58                cli_loop
 .text.cli_init
                0x0000000000214d68        0x4 common/built-in.o
                0x0000000000214d68                cli_init
 .text.delete_char.part.0
                0x0000000000214d6c       0xfc common/built-in.o
 .text.cli_readline_into_buffer
                0x0000000000214e68      0x1f4 common/built-in.o
                0x0000000000214e68                cli_readline_into_buffer
 .text.cli_readline
                0x000000000021505c       0x14 common/built-in.o
                0x000000000021505c                cli_readline
 .text.bootdelay_process
                0x0000000000215070       0x58 common/built-in.o
                0x0000000000215070                bootdelay_process
 .text.autoboot_command
                0x00000000002150c8       0xe0 common/built-in.o
                0x00000000002150c8                autoboot_command
 .text.display_text_info
                0x00000000002151a8        0x8 common/built-in.o
 .text.setup_mon_len
                0x00000000002151b0       0x20 common/built-in.o
 .text.setup_fdt
                0x00000000002151d0        0x8 common/built-in.o
 .text.reserve_round_4k
                0x00000000002151d8       0x14 common/built-in.o
 .text.reserve_mmu
                0x00000000002151ec       0x34 common/built-in.o
 .text.reserve_lcd
                0x0000000000215220       0x1c common/built-in.o
 .text.reserve_trace
                0x000000000021523c        0x8 common/built-in.o
 .text.reserve_global_buffers
                0x0000000000215244       0x54 common/built-in.o
 .text.reserve_uboot
                0x0000000000215298       0x2c common/built-in.o
 .text.reserve_malloc
                0x00000000002152c4       0x18 common/built-in.o
 .text.setup_machine
                0x00000000002152dc        0x8 common/built-in.o
 .text.reserve_global_data
                0x00000000002152e4       0x1c common/built-in.o
 .text.reserve_fdt
                0x0000000000215300       0x48 common/built-in.o
 .text.display_new_sp
                0x0000000000215348        0x8 common/built-in.o
 .text.initf_malloc
                0x0000000000215350        0x8 common/built-in.o
 .text.initf_dm
                0x0000000000215358        0x8 common/built-in.o
 .text.setup_reloc
                0x0000000000215360       0x30 common/built-in.o
 .text.reloc_fdt
                0x0000000000215390       0x34 common/built-in.o
 .text.announce_dram_init
                0x00000000002153c4       0x20 common/built-in.o
 .text.init_baud_rate
                0x00000000002153e4       0x3c common/built-in.o
 .text.mark_bootstage
                0x0000000000215420       0x1c common/built-in.o
 .text.reserve_board
                0x000000000021543c       0x40 common/built-in.o
 .text.board_add_ram_info
                0x000000000021547c        0x4 common/built-in.o
                0x000000000021547c                board_add_ram_info
 .text.show_dram_config
                0x0000000000215480       0x38 common/built-in.o
 .text.setup_dram_config
                0x00000000002154b8       0x18 common/built-in.o
 .text.board_get_usable_ram_top
                0x00000000002154d0        0x8 common/built-in.o
                0x00000000002154d0                board_get_usable_ram_top
 .text.setup_dest_addr
                0x00000000002154d8       0x48 common/built-in.o
 .text.reserve_stacks
                0x0000000000215520       0x1c common/built-in.o
 .text.board_init_f
                0x000000000021553c       0x4c common/built-in.o
                0x000000000021553c                board_init_f
 .text.bootstage_relocate
                0x0000000000215588        0x8 common/built-in.o
 .text.initr_trace
                0x0000000000215590        0x8 common/built-in.o
 .text.initr_reloc_global_data
                0x0000000000215598       0x24 common/built-in.o
 .text.initr_barrier
                0x00000000002155bc        0x8 common/built-in.o
 .text.power_init_board
                0x00000000002155c4        0x8 common/built-in.o
                0x00000000002155c4                power_init_board
 .text.initr_announce
                0x00000000002155cc        0x8 common/built-in.o
 .text.run_main_loop
                0x00000000002155d4       0x10 common/built-in.o
 .text.initr_enable_interrupts
                0x00000000002155e4       0x18 common/built-in.o
 .text.initr_jumptable
                0x00000000002155fc       0x18 common/built-in.o
 .text.initr_env
                0x0000000000215614       0x3c common/built-in.o
 .text.initr_rk_storage
                0x0000000000215650       0x18 common/built-in.o
 .text.initr_serial
                0x0000000000215668       0x18 common/built-in.o
 .text.initr_malloc
                0x0000000000215680       0x2c common/built-in.o
 .text.initr_caches
                0x00000000002156ac       0x18 common/built-in.o
 .text.initr_reloc
                0x00000000002156c4       0x28 common/built-in.o
 .text.cpu_secondary_init_r
                0x00000000002156ec        0x4 common/built-in.o
                0x00000000002156ec                cpu_secondary_init_r
 .text.initr_secondary_cpu
                0x00000000002156f0       0x18 common/built-in.o
 .text.board_init_r
                0x0000000000215708       0x18 common/built-in.o
                0x0000000000215708                board_init_r
 .text.show_board_info
                0x0000000000215720        0x4 common/built-in.o
                0x0000000000215720                show_board_info
 .text.do_go_exec
                0x0000000000215724       0x20 common/built-in.o
                0x0000000000215724                do_go_exec
 .text.do_go    0x0000000000215744       0x84 common/built-in.o
                0x0000000000215744                do_go
 .text.do_bootm
                0x00000000002157c8      0x118 common/built-in.o
                0x00000000002157c8                do_bootm
 .text.bootm_find_ramdisk_fdt
                0x00000000002158e0       0xb4 common/built-in.o
                0x00000000002158e0                bootm_find_ramdisk_fdt
 .text.do_bootm_states
                0x0000000000215994      0x6e8 common/built-in.o
                0x0000000000215994                do_bootm_states
 .text.do_bootm_standalone
                0x000000000021607c       0x74 common/built-in.o
 .text.arch_preboot_os
                0x00000000002160f0        0x4 common/built-in.o
                0x00000000002160f0                arch_preboot_os
 .text.boot_selected_os
                0x00000000002160f4       0x78 common/built-in.o
                0x00000000002160f4                boot_selected_os
 .text.bootm_os_get_boot_func
                0x000000000021616c       0x10 common/built-in.o
                0x000000000021616c                bootm_os_get_boot_func
 .text.do_help  0x000000000021617c       0x3c common/built-in.o
 .text.do_version
                0x00000000002161b8       0x48 common/built-in.o
 .text.env_attr_walk
                0x0000000000216200      0x12c common/built-in.o
                0x0000000000216200                env_attr_walk
 .text.env_attr_lookup
                0x000000000021632c      0x1ac common/built-in.o
                0x000000000021632c                env_attr_lookup
 .text.clear_callback
                0x00000000002164d8        0xc common/built-in.o
 .text.on_callbacks
                0x00000000002164e4       0x58 common/built-in.o
 .text.set_callback
                0x000000000021653c       0xdc common/built-in.o
 .text.env_callback_init
                0x0000000000216618      0x100 common/built-in.o
                0x0000000000216618                env_callback_init
 .text.clear_flags
                0x0000000000216718        0xc common/built-in.o
 .text.on_flags
                0x0000000000216724       0x58 common/built-in.o
 .text.env_flags_parse_vartype
                0x000000000021677c       0x64 common/built-in.o
                0x000000000021677c                env_flags_parse_vartype
 .text.env_flags_parse_varaccess
                0x00000000002167e0       0x60 common/built-in.o
                0x00000000002167e0                env_flags_parse_varaccess
 .text.set_flags
                0x0000000000216840       0xac common/built-in.o
 .text.env_flags_init
                0x00000000002168ec       0xc8 common/built-in.o
                0x00000000002168ec                env_flags_init
 .text.env_flags_validate
                0x00000000002169b4      0x260 common/built-in.o
                0x00000000002169b4                env_flags_validate
 .text.env_init
                0x0000000000216c14       0x1c common/built-in.o
                0x0000000000216c14                env_init
 .text.saveenv  0x0000000000216c30       0xe8 common/built-in.o
                0x0000000000216c30                saveenv
 .text.env_relocate_spec
                0x0000000000216d18       0xc8 common/built-in.o
                0x0000000000216d18                env_relocate_spec
 .text.do_bmp   0x0000000000216de0       0x70 common/built-in.o
 .text.do_bmp_info
                0x0000000000216e50      0x104 common/built-in.o
 .text.bmp_display
                0x0000000000216f54       0x40 common/built-in.o
                0x0000000000216f54                bmp_display
 .text.do_bmp_display
                0x0000000000216f94       0xc0 common/built-in.o
 .text.do_exit  0x0000000000217054       0x34 common/built-in.o
 .text.fdt_valid
                0x0000000000217088       0xcc common/built-in.o
 .text.is_printable_string.part.1
                0x0000000000217154       0x84 common/built-in.o
 .text.print_data
                0x00000000002171d8      0x1e8 common/built-in.o
 .text.set_working_fdt_addr
                0x00000000002173c0       0x18 common/built-in.o
                0x00000000002173c0                set_working_fdt_addr
 .text.do_fdt   0x00000000002173d8      0xeb4 common/built-in.o
 .text.get_cells_len
                0x000000000021828c       0x44 common/built-in.o
 .text.fdt_pack_reg
                0x00000000002182d0       0xcc common/built-in.o
 .text.fdt_find_or_add_subnode.constprop.6
                0x000000000021839c       0x80 common/built-in.o
 .text.fdt_getprop_u32_default_node
                0x000000000021841c       0x54 common/built-in.o
                0x000000000021841c                fdt_getprop_u32_default_node
 .text.fdt_find_and_setprop
                0x0000000000218470       0x94 common/built-in.o
                0x0000000000218470                fdt_find_and_setprop
 .text.fdt_initrd
                0x0000000000218504      0x1d0 common/built-in.o
                0x0000000000218504                fdt_initrd
 .text.fdt_chosen
                0x00000000002186d4      0x130 common/built-in.o
                0x00000000002186d4                fdt_chosen
 .text.do_fixup_by_path
                0x0000000000218804       0x4c common/built-in.o
                0x0000000000218804                do_fixup_by_path
 .text.do_fixup_by_path_u32
                0x0000000000218850       0x28 common/built-in.o
                0x0000000000218850                do_fixup_by_path_u32
 .text.fdt_fixup_memory_banks
                0x0000000000218878      0x15c common/built-in.o
                0x0000000000218878                fdt_fixup_memory_banks
 .text.fdt_fixup_memory
                0x00000000002189d4       0x28 common/built-in.o
                0x00000000002189d4                fdt_fixup_memory
 .text.fdt_update_reserved_memory
                0x00000000002189fc       0xa0 common/built-in.o
                0x00000000002189fc                fdt_update_reserved_memory
 .text.fdt_fixup_ethernet
                0x0000000000218a9c      0x18c common/built-in.o
                0x0000000000218a9c                fdt_fixup_ethernet
 .text.fdt_shrink_to_minimum
                0x0000000000218c28       0xc4 common/built-in.o
                0x0000000000218c28                fdt_shrink_to_minimum
 .text.fdt_alloc_phandle
                0x0000000000218cec       0x6c common/built-in.o
                0x0000000000218cec                fdt_alloc_phandle
 .text.fdt_set_phandle
                0x0000000000218d58       0x6c common/built-in.o
                0x0000000000218d58                fdt_set_phandle
 .text.fbt_dwc3_rx_handler
                0x0000000000218dc4       0x30 common/built-in.o
                0x0000000000218dc4                fbt_dwc3_rx_handler
 .text.fbt_dwc3_tx_handler
                0x0000000000218df4       0x30 common/built-in.o
                0x0000000000218df4                fbt_dwc3_tx_handler
 .text.getvar_version
                0x0000000000218e24        0xc common/built-in.o
 .text.getvar_version_baseband
                0x0000000000218e30        0xc common/built-in.o
 .text.getvar_version_bootloader
                0x0000000000218e3c        0xc common/built-in.o
 .text.getvar_unlocked
                0x0000000000218e48       0x24 common/built-in.o
 .text.getvar_secure
                0x0000000000218e6c       0x24 common/built-in.o
 .text.getvar_product
                0x0000000000218e90        0xc common/built-in.o
 .text.getvar_serialno
                0x0000000000218e9c        0xc common/built-in.o
 .text.str2wide
                0x0000000000218ea8       0x98 common/built-in.o
 .text.getvar_checksum
                0x0000000000218f40      0x15c common/built-in.o
 .text.getvar_partition_offset
                0x000000000021909c       0x60 common/built-in.o
 .text.getvar_partition_size
                0x00000000002190fc       0x60 common/built-in.o
 .text.getvar_partition_type
                0x000000000021915c       0x78 common/built-in.o
 .text.fbt_handle_erase
                0x00000000002191d4       0xdc common/built-in.o
 .text.fbt_write_bulk_ep
                0x00000000002192b0       0x1c common/built-in.o
                0x00000000002192b0                fbt_write_bulk_ep
 .text.fbt_handle_response
                0x00000000002192cc       0x94 common/built-in.o
 .text.fbt_send_raw_info
                0x0000000000219360       0xf4 common/built-in.o
 .text.fbt_handle_reboot
                0x0000000000219454       0xb8 common/built-in.o
 .text.fbt_read_bulk_ep
                0x000000000021950c       0x20 common/built-in.o
                0x000000000021950c                fbt_read_bulk_ep
 .text.fbt_event_handler_for_dwc3
                0x000000000021952c       0x5c common/built-in.o
                0x000000000021952c                fbt_event_handler_for_dwc3
 .text.fbt_init_dwc3_udc_instance
                0x0000000000219588      0x1c4 common/built-in.o
                0x0000000000219588                fbt_init_dwc3_udc_instance
 .text.do_fastboot
                0x000000000021974c      0xa50 common/built-in.o
 .text.fbt_fastboot_init
                0x000000000021a19c      0x12c common/built-in.o
                0x000000000021a19c                fbt_fastboot_init
 .text.board_modify_fdt
                0x000000000021a2c8        0x8 common/built-in.o
                0x000000000021a2c8                board_modify_fdt
 .text.do_bootrk
                0x000000000021a2d0      0x9a8 common/built-in.o
                0x000000000021a2d0                do_bootrk
 .text.dwc3_rx_handler
                0x000000000021ac78       0x28 common/built-in.o
                0x000000000021ac78                dwc3_rx_handler
 .text.dwc3_tx_handler
                0x000000000021aca0       0x28 common/built-in.o
                0x000000000021aca0                dwc3_tx_handler
 .text.rkusb_write_bulk_ep
                0x000000000021acc8       0x18 common/built-in.o
                0x000000000021acc8                rkusb_write_bulk_ep
 .text.rkusb_read_bulk_ep
                0x000000000021ace0       0x1c common/built-in.o
                0x000000000021ace0                rkusb_read_bulk_ep
 .text.rkusb_event_handler_for_dwc3
                0x000000000021acfc       0xe0 common/built-in.o
                0x000000000021acfc                rkusb_event_handler_for_dwc3
 .text.rkusb_send_csw
                0x000000000021addc       0xac common/built-in.o
 .text.init_dwc3_udc_instance
                0x000000000021ae88      0x1e0 common/built-in.o
                0x000000000021ae88                init_dwc3_udc_instance
 .text.do_rockusb_cmd
                0x000000000021b068      0x510 common/built-in.o
                0x000000000021b068                do_rockusb_cmd
 .text.rkusb_handle_datarx
                0x000000000021b578      0x20c common/built-in.o
                0x000000000021b578                rkusb_handle_datarx
 .text.rkusb_handle_datatx
                0x000000000021b784      0x258 common/built-in.o
                0x000000000021b784                rkusb_handle_datatx
 .text.do_rockusb
                0x000000000021b9dc      0x224 common/built-in.o
                0x000000000021b9dc                do_rockusb
 .text.get_entry_ram
                0x000000000021bc00      0x180 common/built-in.o
 .text.get_content_ram
                0x000000000021bd80       0x94 common/built-in.o
                0x000000000021bd80                get_content_ram
 .text.get_content
                0x000000000021be14      0x268 common/built-in.o
                0x000000000021be14                get_content
 .text.free_content
                0x000000000021c07c       0x38 common/built-in.o
                0x000000000021c07c                free_content
 .text.load_content_data
                0x000000000021c0b4       0x34 common/built-in.o
                0x000000000021c0b4                load_content_data
 .text.load_content
                0x000000000021c0e8       0x88 common/built-in.o
                0x000000000021c0e8                load_content
 .text.get_bmp_header
                0x000000000021c170       0xcc common/built-in.o
                0x000000000021c170                get_bmp_header
 .text.load_bmp_content
                0x000000000021c23c       0xbc common/built-in.o
                0x000000000021c23c                load_bmp_content
 .text._show_resource_image
                0x000000000021c2f8      0x158 common/built-in.o
                0x000000000021c2f8                _show_resource_image
 .text.show_resource_image
                0x000000000021c450       0x14 common/built-in.o
                0x000000000021c450                show_resource_image
 .text.cea_db_offsets
                0x000000000021c464       0x9c common/built-in.o
 .text.drm_add_hdmi_modes
                0x000000000021c500       0x3c common/built-in.o
 .text.drm_find_edid_extension
                0x000000000021c53c       0x50 common/built-in.o
 .text.cea_mode_alternate_clock
                0x000000000021c58c       0x64 common/built-in.o
 .text.drm_mode_equal_no_clocks_no_stereo
                0x000000000021c5f0       0xb8 common/built-in.o
 .text.hdmi_mode_alternate_clock
                0x000000000021c6a8       0x24 common/built-in.o
 .text.find_gtf2
                0x000000000021c6cc       0x20 common/built-in.o
 .text.drm_match_hdmi_mode
                0x000000000021c6ec       0xb4 common/built-in.o
 .text.snip     0x000000000021c7a0       0x78 common/built-in.o
 .text.drm_mode_create
                0x000000000021c818       0x34 common/built-in.o
 .text.drm_display_mode_from_vic_index
                0x000000000021c84c       0x98 common/built-in.o
 .text.drm_mode_destroy
                0x000000000021c8e4        0xc common/built-in.o
 .text.drm_get_vrefresh
                0x000000000021c8f0       0x78 common/built-in.o
 .text.valid_inferred_mode
                0x000000000021c968       0xc8 common/built-in.o
 .text.drm_mode_find_dmt
                0x000000000021ca30       0xfc common/built-in.o
 .text.cea_db_is_hdmi_vsdb
                0x000000000021cb2c       0x48 common/built-in.o
 .text.drm_for_each_detailed_block
                0x000000000021cb74      0x128 common/built-in.o
 .text.is_rb    0x000000000021cc9c       0x20 common/built-in.o
 .text.drm_monitor_supports_rb
                0x000000000021ccbc       0x40 common/built-in.o
 .text.do_established_modes
                0x000000000021ccfc       0xec common/built-in.o
 .text.drm_do_probe_ddc_edid.constprop.22
                0x000000000021cde8       0xe8 common/built-in.o
 .text.bitmap_set.constprop.26
                0x000000000021ced0       0x48 common/built-in.o
 .text.drm_gtf_mode_complex.constprop.28
                0x000000000021cf18      0x18c common/built-in.o
 .text.drm_cvt_mode.constprop.31
                0x000000000021d0a4      0x2d8 common/built-in.o
 .text.do_cvt_mode
                0x000000000021d37c      0x174 common/built-in.o
 .text.do_detailed_mode
                0x000000000021d4f0      0x4b4 common/built-in.o
 .text.drm_edid_block_valid.constprop.23
                0x000000000021d9a4      0x118 common/built-in.o
 .text.mode_in_range
                0x000000000021dabc      0x220 common/built-in.o
 .text.do_inferred_modes
                0x000000000021dcdc      0x2a8 common/built-in.o
 .text.drm_mode_std
                0x000000000021df84      0x418 common/built-in.o
 .text.do_standard_modes
                0x000000000021e39c       0x88 common/built-in.o
 .text.edid_check_info
                0x000000000021e424       0x60 common/built-in.o
                0x000000000021e424                edid_check_info
 .text.edid_get_drm_mode
                0x000000000021e484      0x1f0 common/built-in.o
                0x000000000021e484                edid_get_drm_mode
 .text.edid_print_info
                0x000000000021e674      0x61c common/built-in.o
                0x000000000021e674                edid_print_info
 .text.do_cea_modes
                0x000000000021ec90       0xd4 common/built-in.o
                0x000000000021ec90                do_cea_modes
 .text.drm_detect_hdmi_monitor
                0x000000000021ed64       0x8c common/built-in.o
                0x000000000021ed64                drm_detect_hdmi_monitor
 .text.drm_detect_monitor_audio
                0x000000000021edf0       0x98 common/built-in.o
                0x000000000021edf0                drm_detect_monitor_audio
 .text.drm_match_cea_mode
                0x000000000021ee88       0xc4 common/built-in.o
                0x000000000021ee88                drm_match_cea_mode
 .text.drm_add_edid_modes
                0x000000000021ef4c     0x12fc common/built-in.o
                0x000000000021ef4c                drm_add_edid_modes
 .text.drm_hdmi_avi_infoframe_from_display_mode
                0x0000000000220248      0x110 common/built-in.o
                0x0000000000220248                drm_hdmi_avi_infoframe_from_display_mode
 .text.drm_hdmi_vendor_infoframe_from_display_mode
                0x0000000000220358      0x128 common/built-in.o
                0x0000000000220358                drm_hdmi_vendor_infoframe_from_display_mode
 .text.hdmi_vendor_infoframe_pack
                0x0000000000220480      0x12c common/built-in.o
                0x0000000000220480                hdmi_vendor_infoframe_pack
 .text.drm_do_get_edid
                0x00000000002205ac      0x134 common/built-in.o
                0x00000000002205ac                drm_do_get_edid
 .text.drm_scdc_readb
                0x00000000002206e0       0x50 common/built-in.o
                0x00000000002206e0                drm_scdc_readb
 .text.drm_scdc_writeb
                0x0000000000220730       0x98 common/built-in.o
                0x0000000000220730                drm_scdc_writeb
 .text.lcd_get_size
                0x00000000002207c8       0x2c common/built-in.o
                0x00000000002207c8                lcd_get_size
 .text.lcd_sync
                0x00000000002207f4       0x40 common/built-in.o
                0x00000000002207f4                lcd_sync
 .text.lcd_get_buffer
                0x0000000000220834       0x30 common/built-in.o
                0x0000000000220834                lcd_get_buffer
 .text.lcd_enable_logo
                0x0000000000220864        0xc common/built-in.o
                0x0000000000220864                lcd_enable_logo
 .text.rk_bitmap_from_resource
                0x0000000000220870       0x28 common/built-in.o
                0x0000000000220870                rk_bitmap_from_resource
 .text.bitmap_plot
                0x0000000000220898      0x114 common/built-in.o
                0x0000000000220898                bitmap_plot
 .text.lcd_clear
                0x00000000002209ac       0xa8 common/built-in.o
                0x00000000002209ac                lcd_clear
 .text.drv_lcd_init
                0x0000000000220a54       0x9c common/built-in.o
                0x0000000000220a54                drv_lcd_init
 .text.do_lcd_clear
                0x0000000000220af0       0x18 common/built-in.o
 .text.lcd_display_bitmap
                0x0000000000220b08      0x790 common/built-in.o
                0x0000000000220b08                lcd_display_bitmap
 .text.lcd_display_bitmap_center
                0x0000000000221298       0xa0 common/built-in.o
                0x0000000000221298                lcd_display_bitmap_center
 .text.do_env_delete
                0x0000000000221338       0xb8 common/built-in.o
 .text.do_env_save
                0x00000000002213f0       0x30 common/built-in.o
                0x00000000002213f0                do_env_save
 .text.do_env   0x0000000000221420       0x78 common/built-in.o
 .text.env_print
                0x0000000000221498       0xcc common/built-in.o
 .text.do_env_print
                0x0000000000221564       0xe4 common/built-in.o
 .text.do_env_import
                0x0000000000221648      0x270 common/built-in.o
 .text.do_env_default
                0x00000000002218b8       0x94 common/built-in.o
 .text._do_env_set.isra.1
                0x000000000022194c      0x1c8 common/built-in.o
 .text.do_env_set
                0x0000000000221b14       0x1c common/built-in.o
 .text.setenv   0x0000000000221b30       0x54 common/built-in.o
                0x0000000000221b30                setenv
 .text.setenv_ulong
                0x0000000000221b84       0x2c common/built-in.o
                0x0000000000221b84                setenv_ulong
 .text.setenv_hex
                0x0000000000221bb0       0x3c common/built-in.o
                0x0000000000221bb0                setenv_hex
 .text.do_env_export
                0x0000000000221bec      0x250 common/built-in.o
 .text.envmatch
                0x0000000000221e3c       0x88 common/built-in.o
                0x0000000000221e3c                envmatch
 .text.getenv_f
                0x0000000000221ec4       0xec common/built-in.o
                0x0000000000221ec4                getenv_f
 .text.getenv   0x0000000000221fb0       0x78 common/built-in.o
                0x0000000000221fb0                getenv
 .text.getenv_hex
                0x0000000000222028       0x48 common/built-in.o
                0x0000000000222028                getenv_hex
 .text.getenv_ulong
                0x0000000000222070       0x44 common/built-in.o
                0x0000000000222070                getenv_ulong
 .text.env_get_char_spec
                0x00000000002220b4        0xc common/built-in.o
                0x00000000002220b4                env_get_char_spec
 .text.env_get_addr
                0x00000000002220c0       0x24 common/built-in.o
                0x00000000002220c0                env_get_addr
 .text.env_get_char_memory
                0x00000000002220e4       0x18 common/built-in.o
                0x00000000002220e4                env_get_char_memory
 .text.env_get_char
                0x00000000002220fc       0x2c common/built-in.o
                0x00000000002220fc                env_get_char
 .text.getenv_yesno
                0x0000000000222128       0x4c common/built-in.o
                0x0000000000222128                getenv_yesno
 .text.getenv_default
                0x0000000000222174       0x3c common/built-in.o
                0x0000000000222174                getenv_default
 .text.set_default_env
                0x00000000002221b0       0xb4 common/built-in.o
                0x00000000002221b0                set_default_env
 .text.set_default_vars
                0x0000000000222264       0x2c common/built-in.o
                0x0000000000222264                set_default_vars
 .text.env_relocate
                0x0000000000222290       0x30 common/built-in.o
                0x0000000000222290                env_relocate
 .text.console_setfile
                0x00000000002222c0       0xc4 common/built-in.o
 .text.serial_printf
                0x0000000000222384       0x90 common/built-in.o
                0x0000000000222384                serial_printf
 .text.puts     0x0000000000222414       0x40 common/built-in.o
                0x0000000000222414                puts
 .text.printf   0x0000000000222454       0x9c common/built-in.o
                0x0000000000222454                printf